

Version:	3.50
CmdLine:	C:\Users\lasha\OneDrive\Documents\GitHub\Pigeon.Nest\Pigeon.Nest.exe --l4j-debug
JNI:		No
WOW64:		Yes
Working dir:	C:\Users\lasha\OneDrive\Documents\GitHub\Pigeon.Nest\.
Requires JDK:	No
Requires 64-Bit: No
Java min ver:	
Java max ver:	
JRE paths:	C:\Users\lasha\OneDrive\Documents\GitHub\Pigeon.Nest\JRE
Check launcher:	C:\Users\lasha\OneDrive\Documents\GitHub\Pigeon.Nest\JRE\bin\javaw.exe (OK)
Version string: 1.024.000_002 / 64-Bit (OK)
Main class:	PigeonApplication
Info:		Classpath not defined.
Launcher:	C:\Users\lasha\OneDrive\Documents\GitHub\Pigeon.Nest\JRE\bin\javaw.exe
Launcher args:	-classpath "C:\Users\lasha\OneDrive\Documents\GitHub\Pigeon.Nest\Pigeon.Nest.exe" PigeonApplication
Args length:	99/32768 chars
Exit code:	0


Version:	3.50
CmdLine:	C:\Users\lasha\OneDrive\Documents\GitHub\Pigeon.Nest\Pigeon.Nest.exe --l4j-debug
JNI:		No
WOW64:		Yes
Working dir:	C:\Users\lasha\OneDrive\Documents\GitHub\Pigeon.Nest\.
Requires JDK:	No
Requires 64-Bit: No
Java min ver:	
Java max ver:	
JRE paths:	C:\Users\lasha\OneDrive\Documents\GitHub\Pigeon.Nest\JRE
Check launcher:	C:\Users\lasha\OneDrive\Documents\GitHub\Pigeon.Nest\JRE\bin\javaw.exe (OK)
Version string: 1.024.000_002 / 64-Bit (OK)
Main class:	PigeonApplication
Info:		Classpath not defined.
Launcher:	C:\Users\lasha\OneDrive\Documents\GitHub\Pigeon.Nest\JRE\bin\javaw.exe
Launcher args:	-classpath "C:\Users\lasha\OneDrive\Documents\GitHub\Pigeon.Nest\Pigeon.Nest.exe" PigeonApplication
Args length:	99/32768 chars
Exit code:	0


Version:	3.50
CmdLine:	C:\Users\lasha\OneDrive\Documents\GitHub\Pigeon.Nest\Pigeon.Nest.exe --l4j-debug
JNI:		No
WOW64:		Yes
Working dir:	C:\Users\lasha\OneDrive\Documents\GitHub\Pigeon.Nest\.
Requires JDK:	No
Requires 64-Bit: No
Java min ver:	
Java max ver:	
JRE paths:	C:\Users\lasha\OneDrive\Documents\GitHub\Pigeon.Nest\JRE
Check launcher:	C:\Users\lasha\OneDrive\Documents\GitHub\Pigeon.Nest\JRE\bin\javaw.exe (OK)
Version string: 1.024.000_002 / 64-Bit (OK)
Main class:	PigeonApplication
Info:		Classpath not defined.
Launcher:	C:\Users\lasha\OneDrive\Documents\GitHub\Pigeon.Nest\JRE\bin\javaw.exe
Launcher args:	-classpath "C:\Users\lasha\OneDrive\Documents\GitHub\Pigeon.Nest\Pigeon.Nest.exe" PigeonApplication
Args length:	99/32768 chars
Exit code:	0


Version:	3.50
CmdLine:	C:\Users\lasha\OneDrive\Documents\GitHub\Pigeon.Nest\Pigeon.Nest.exe --l4j-debug
JNI:		No
WOW64:		Yes
Working dir:	C:\Users\lasha\OneDrive\Documents\GitHub\Pigeon.Nest\.
Requires JDK:	No
Requires 64-Bit: No
Java min ver:	
Java max ver:	
JRE paths:	C:\Users\lasha\OneDrive\Documents\GitHub\Pigeon.Nest\JRE
Check launcher:	C:\Users\lasha\OneDrive\Documents\GitHub\Pigeon.Nest\JRE\bin\javaw.exe (OK)
Version string: 1.024.000_002 / 64-Bit (OK)
Main class:	PigeonApplication
Info:		Classpath not defined.
Launcher:	C:\Users\lasha\OneDrive\Documents\GitHub\Pigeon.Nest\JRE\bin\javaw.exe
Launcher args:	-classpath "C:\Users\lasha\OneDrive\Documents\GitHub\Pigeon.Nest\Pigeon.Nest.exe" PigeonApplication
Args length:	99/32768 chars
Exit code:	0


Version:	3.50
CmdLine:	C:\Users\lasha\OneDrive\Documents\GitHub\Pigeon.Nest\Pigeon.Nest.exe --l4j-debug
JNI:		No
WOW64:		Yes
Working dir:	C:\Users\lasha\OneDrive\Documents\GitHub\Pigeon.Nest\.
Requires JDK:	No
Requires 64-Bit: No
Java min ver:	
Java max ver:	
JRE paths:	C:\Users\lasha\OneDrive\Documents\GitHub\Pigeon.Nest\JRE
Check launcher:	C:\Users\lasha\OneDrive\Documents\GitHub\Pigeon.Nest\JRE\bin\javaw.exe (OK)
Version string: 1.024.000_002 / 64-Bit (OK)
Main class:	PigeonApplication
Info:		Classpath not defined.
Launcher:	C:\Users\lasha\OneDrive\Documents\GitHub\Pigeon.Nest\JRE\bin\javaw.exe
Launcher args:	-classpath "C:\Users\lasha\OneDrive\Documents\GitHub\Pigeon.Nest\Pigeon.Nest.exe" PigeonApplication
Args length:	99/32768 chars
Exit code:	0


Version:	3.50
CmdLine:	C:\Users\lasha\OneDrive\Documents\GitHub\Pigeon.Nest\Pigeon.Nest.exe --l4j-debug
JNI:		No
WOW64:		Yes
Working dir:	C:\Users\lasha\OneDrive\Documents\GitHub\Pigeon.Nest\.
Requires JDK:	No
Requires 64-Bit: No
Java min ver:	
Java max ver:	
JRE paths:	C:\Users\lasha\OneDrive\Documents\GitHub\Pigeon.Nest\JRE
Check launcher:	C:\Users\lasha\OneDrive\Documents\GitHub\Pigeon.Nest\JRE\bin\javaw.exe (OK)
Version string: 1.024.000_002 / 64-Bit (OK)
Launcher:	C:\Users\lasha\OneDrive\Documents\GitHub\Pigeon.Nest\JRE\bin\javaw.exe
Launcher args:	-jar "C:\Users\lasha\OneDrive\Documents\GitHub\Pigeon.Nest\Pigeon.Nest.exe"
Args length:	75/32768 chars
Exit code:	0


Version:	3.50
CmdLine:	C:\Users\lasha\OneDrive\Documents\GitHub\Pigeon.Nest\Pigeon.Nest.exe --l4j-debug
JNI:		No
WOW64:		Yes
Working dir:	C:\Users\lasha\OneDrive\Documents\GitHub\Pigeon.Nest\.
Requires JDK:	No
Requires 64-Bit: No
Java min ver:	
Java max ver:	
JRE paths:	C:\Users\lasha\OneDrive\Documents\GitHub\Pigeon.Nest\JRE
Check launcher:	C:\Users\lasha\OneDrive\Documents\GitHub\Pigeon.Nest\JRE\bin\javaw.exe (OK)
Version string: 1.024.000_002 / 64-Bit (OK)
Launcher:	C:\Users\lasha\OneDrive\Documents\GitHub\Pigeon.Nest\JRE\bin\javaw.exe
Launcher args:	-jar "C:\Users\lasha\OneDrive\Documents\GitHub\Pigeon.Nest\Pigeon.Nest.exe"
Args length:	75/32768 chars
Exit code:	0


Version:	3.50
CmdLine:	C:\Users\lasha\OneDrive\Documents\GitHub\Pigeon.Nest\Pigeon.Nest.exe --l4j-debug
JNI:		No
WOW64:		Yes
Working dir:	C:\Users\lasha\OneDrive\Documents\GitHub\Pigeon.Nest\.
Requires JDK:	No
Requires 64-Bit: No
Java min ver:	
Java max ver:	
JRE paths:	JRE
Check launcher:	C:\Users\lasha\OneDrive\Documents\GitHub\Pigeon.Nest\JRE\bin\javaw.exe (OK)
Version string: 1.024.000_002 / 64-Bit (OK)
Launcher:	C:\Users\lasha\OneDrive\Documents\GitHub\Pigeon.Nest\JRE\bin\javaw.exe
Launcher args:	-jar "C:\Users\lasha\OneDrive\Documents\GitHub\Pigeon.Nest\Pigeon.Nest.exe"
Args length:	75/32768 chars
Exit code:	0


Version:	3.50
CmdLine:	C:\Users\lasha\OneDrive\Documents\GitHub\Pigeon.Nest\Pigeon.Nest.exe --l4j-debug
JNI:		No
WOW64:		Yes
Working dir:	C:\Users\lasha\OneDrive\Documents\GitHub\Pigeon.Nest\.
Requires JDK:	No
Requires 64-Bit: No
Java min ver:	
Java max ver:	
JRE paths:	JRE
Check launcher:	C:\Users\lasha\OneDrive\Documents\GitHub\Pigeon.Nest\JRE\bin\javaw.exe (OK)
Version string: 1.024.000_002 / 64-Bit (OK)
Launcher:	C:\Users\lasha\OneDrive\Documents\GitHub\Pigeon.Nest\JRE\bin\javaw.exe
Launcher args:	-jar "C:\Users\lasha\OneDrive\Documents\GitHub\Pigeon.Nest\Pigeon.Nest.exe"
Args length:	75/32768 chars
Exit code:	0
